------------------------------------------------------------
Timing Analyzer Summary
------------------------------------------------------------

Type  : Slow 1100mV 85C Model Setup 'control:c0|current_state[2]'
Slack : -6.730
TNS   : -43.587

Type  : Slow 1100mV 85C Model Setup 'control:c0|current_state[0]'
Slack : -6.591
TNS   : -24.125

Type  : Slow 1100mV 85C Model Setup 'CLOCK_50'
Slack : -3.468
TNS   : -149.821

Type  : Slow 1100mV 85C Model Setup 'VGA|mypll|altpll_component|auto_generated|generic_pll1~PLL_OUTPUT_COUNTER|divclk'
Slack : 35.137
TNS   : 0.000

Type  : Slow 1100mV 85C Model Hold 'CLOCK_50'
Slack : -3.435
TNS   : -28.559

Type  : Slow 1100mV 85C Model Hold 'control:c0|current_state[2]'
Slack : 0.034
TNS   : 0.000

Type  : Slow 1100mV 85C Model Hold 'control:c0|current_state[0]'
Slack : 0.035
TNS   : 0.000

Type  : Slow 1100mV 85C Model Hold 'VGA|mypll|altpll_component|auto_generated|generic_pll1~PLL_OUTPUT_COUNTER|divclk'
Slack : 0.378
TNS   : 0.000

Type  : Slow 1100mV 85C Model Minimum Pulse Width 'control:c0|current_state[0]'
Slack : 0.306
TNS   : 0.000

Type  : Slow 1100mV 85C Model Minimum Pulse Width 'control:c0|current_state[2]'
Slack : 0.334
TNS   : 0.000

Type  : Slow 1100mV 85C Model Minimum Pulse Width 'VGA|mypll|altpll_component|auto_generated|generic_pll1~FRACTIONAL_PLL|vcoph[0]'
Slack : 1.666
TNS   : 0.000

Type  : Slow 1100mV 85C Model Minimum Pulse Width 'CLOCK_50'
Slack : 8.871
TNS   : 0.000

Type  : Slow 1100mV 85C Model Minimum Pulse Width 'VGA|mypll|altpll_component|auto_generated|generic_pll1~PLL_OUTPUT_COUNTER|divclk'
Slack : 18.778
TNS   : 0.000

Type  : Slow 1100mV 0C Model Setup 'control:c0|current_state[2]'
Slack : -6.765
TNS   : -43.825

Type  : Slow 1100mV 0C Model Setup 'control:c0|current_state[0]'
Slack : -6.671
TNS   : -24.524

Type  : Slow 1100mV 0C Model Setup 'CLOCK_50'
Slack : -3.077
TNS   : -127.759

Type  : Slow 1100mV 0C Model Setup 'VGA|mypll|altpll_component|auto_generated|generic_pll1~PLL_OUTPUT_COUNTER|divclk'
Slack : 35.234
TNS   : 0.000

Type  : Slow 1100mV 0C Model Hold 'CLOCK_50'
Slack : -3.495
TNS   : -30.955

Type  : Slow 1100mV 0C Model Hold 'control:c0|current_state[2]'
Slack : 0.033
TNS   : 0.000

Type  : Slow 1100mV 0C Model Hold 'control:c0|current_state[0]'
Slack : 0.091
TNS   : 0.000

Type  : Slow 1100mV 0C Model Hold 'VGA|mypll|altpll_component|auto_generated|generic_pll1~PLL_OUTPUT_COUNTER|divclk'
Slack : 0.360
TNS   : 0.000

Type  : Slow 1100mV 0C Model Minimum Pulse Width 'control:c0|current_state[0]'
Slack : 0.326
TNS   : 0.000

Type  : Slow 1100mV 0C Model Minimum Pulse Width 'control:c0|current_state[2]'
Slack : 0.380
TNS   : 0.000

Type  : Slow 1100mV 0C Model Minimum Pulse Width 'VGA|mypll|altpll_component|auto_generated|generic_pll1~FRACTIONAL_PLL|vcoph[0]'
Slack : 1.666
TNS   : 0.000

Type  : Slow 1100mV 0C Model Minimum Pulse Width 'CLOCK_50'
Slack : 8.825
TNS   : 0.000

Type  : Slow 1100mV 0C Model Minimum Pulse Width 'VGA|mypll|altpll_component|auto_generated|generic_pll1~PLL_OUTPUT_COUNTER|divclk'
Slack : 18.760
TNS   : 0.000

Type  : Fast 1100mV 85C Model Setup 'control:c0|current_state[2]'
Slack : -3.566
TNS   : -21.770

Type  : Fast 1100mV 85C Model Setup 'control:c0|current_state[0]'
Slack : -3.419
TNS   : -12.274

Type  : Fast 1100mV 85C Model Setup 'CLOCK_50'
Slack : -2.778
TNS   : -104.495

Type  : Fast 1100mV 85C Model Setup 'VGA|mypll|altpll_component|auto_generated|generic_pll1~PLL_OUTPUT_COUNTER|divclk'
Slack : 37.025
TNS   : 0.000

Type  : Fast 1100mV 85C Model Hold 'CLOCK_50'
Slack : -1.946
TNS   : -15.170

Type  : Fast 1100mV 85C Model Hold 'control:c0|current_state[0]'
Slack : -0.079
TNS   : -0.113

Type  : Fast 1100mV 85C Model Hold 'control:c0|current_state[2]'
Slack : 0.014
TNS   : 0.000

Type  : Fast 1100mV 85C Model Hold 'VGA|mypll|altpll_component|auto_generated|generic_pll1~PLL_OUTPUT_COUNTER|divclk'
Slack : 0.198
TNS   : 0.000

Type  : Fast 1100mV 85C Model Minimum Pulse Width 'control:c0|current_state[0]'
Slack : 0.347
TNS   : 0.000

Type  : Fast 1100mV 85C Model Minimum Pulse Width 'control:c0|current_state[2]'
Slack : 0.370
TNS   : 0.000

Type  : Fast 1100mV 85C Model Minimum Pulse Width 'VGA|mypll|altpll_component|auto_generated|generic_pll1~FRACTIONAL_PLL|vcoph[0]'
Slack : 1.666
TNS   : 0.000

Type  : Fast 1100mV 85C Model Minimum Pulse Width 'CLOCK_50'
Slack : 8.812
TNS   : 0.000

Type  : Fast 1100mV 85C Model Minimum Pulse Width 'VGA|mypll|altpll_component|auto_generated|generic_pll1~PLL_OUTPUT_COUNTER|divclk'
Slack : 18.888
TNS   : 0.000

Type  : Fast 1100mV 0C Model Setup 'control:c0|current_state[2]'
Slack : -3.362
TNS   : -20.547

Type  : Fast 1100mV 0C Model Setup 'control:c0|current_state[0]'
Slack : -3.247
TNS   : -11.755

Type  : Fast 1100mV 0C Model Setup 'CLOCK_50'
Slack : -2.185
TNS   : -77.521

Type  : Fast 1100mV 0C Model Setup 'VGA|mypll|altpll_component|auto_generated|generic_pll1~PLL_OUTPUT_COUNTER|divclk'
Slack : 37.298
TNS   : 0.000

Type  : Fast 1100mV 0C Model Hold 'CLOCK_50'
Slack : -1.920
TNS   : -16.448

Type  : Fast 1100mV 0C Model Hold 'control:c0|current_state[0]'
Slack : -0.028
TNS   : -0.028

Type  : Fast 1100mV 0C Model Hold 'control:c0|current_state[2]'
Slack : 0.022
TNS   : 0.000

Type  : Fast 1100mV 0C Model Hold 'VGA|mypll|altpll_component|auto_generated|generic_pll1~PLL_OUTPUT_COUNTER|divclk'
Slack : 0.169
TNS   : 0.000

Type  : Fast 1100mV 0C Model Minimum Pulse Width 'control:c0|current_state[0]'
Slack : 0.370
TNS   : 0.000

Type  : Fast 1100mV 0C Model Minimum Pulse Width 'control:c0|current_state[2]'
Slack : 0.389
TNS   : 0.000

Type  : Fast 1100mV 0C Model Minimum Pulse Width 'VGA|mypll|altpll_component|auto_generated|generic_pll1~FRACTIONAL_PLL|vcoph[0]'
Slack : 1.666
TNS   : 0.000

Type  : Fast 1100mV 0C Model Minimum Pulse Width 'CLOCK_50'
Slack : 8.805
TNS   : 0.000

Type  : Fast 1100mV 0C Model Minimum Pulse Width 'VGA|mypll|altpll_component|auto_generated|generic_pll1~PLL_OUTPUT_COUNTER|divclk'
Slack : 18.886
TNS   : 0.000

------------------------------------------------------------
