------------------------------------------------------------
TimeQuest Timing Analyzer Summary
------------------------------------------------------------

Type  : Slow 1100mV 85C Model Setup 'CLOCK_50'
Slack : -5.943
TNS   : -161.237

Type  : Slow 1100mV 85C Model Hold 'CLOCK_50'
Slack : 0.217
TNS   : 0.000

Type  : Slow 1100mV 85C Model Minimum Pulse Width 'CLOCK_50'
Slack : -0.394
TNS   : -28.191

Type  : Slow 1100mV 0C Model Setup 'CLOCK_50'
Slack : -5.970
TNS   : -159.476

Type  : Slow 1100mV 0C Model Hold 'CLOCK_50'
Slack : 0.201
TNS   : 0.000

Type  : Slow 1100mV 0C Model Minimum Pulse Width 'CLOCK_50'
Slack : -0.394
TNS   : -30.259

Type  : Fast 1100mV 85C Model Setup 'CLOCK_50'
Slack : -2.903
TNS   : -73.555

Type  : Fast 1100mV 85C Model Hold 'CLOCK_50'
Slack : 0.129
TNS   : 0.000

Type  : Fast 1100mV 85C Model Minimum Pulse Width 'CLOCK_50'
Slack : -0.083
TNS   : -4.181

Type  : Fast 1100mV 0C Model Setup 'CLOCK_50'
Slack : -2.660
TNS   : -65.294

Type  : Fast 1100mV 0C Model Hold 'CLOCK_50'
Slack : 0.118
TNS   : 0.000

Type  : Fast 1100mV 0C Model Minimum Pulse Width 'CLOCK_50'
Slack : -0.080
TNS   : -4.093

------------------------------------------------------------
