------------------------------------------------------------
TimeQuest Timing Analyzer Summary
------------------------------------------------------------

Type  : Slow 1100mV 85C Model Setup 'KEY[0]'
Slack : -0.834
TNS   : -2.760

Type  : Slow 1100mV 85C Model Hold 'KEY[0]'
Slack : 0.255
TNS   : 0.000

Type  : Slow 1100mV 85C Model Minimum Pulse Width 'KEY[0]'
Slack : -0.394
TNS   : -4.192

Type  : Slow 1100mV 0C Model Setup 'KEY[0]'
Slack : -0.854
TNS   : -2.974

Type  : Slow 1100mV 0C Model Hold 'KEY[0]'
Slack : 0.236
TNS   : 0.000

Type  : Slow 1100mV 0C Model Minimum Pulse Width 'KEY[0]'
Slack : -0.394
TNS   : -4.564

Type  : Fast 1100mV 85C Model Setup 'KEY[0]'
Slack : -0.045
TNS   : -0.045

Type  : Fast 1100mV 85C Model Hold 'KEY[0]'
Slack : 0.149
TNS   : 0.000

Type  : Fast 1100mV 85C Model Minimum Pulse Width 'KEY[0]'
Slack : -0.076
TNS   : -0.604

Type  : Fast 1100mV 0C Model Setup 'KEY[0]'
Slack : 0.003
TNS   : 0.000

Type  : Fast 1100mV 0C Model Hold 'KEY[0]'
Slack : 0.133
TNS   : 0.000

Type  : Fast 1100mV 0C Model Minimum Pulse Width 'KEY[0]'
Slack : -0.078
TNS   : -0.616

------------------------------------------------------------
